[F3 finish] 131 crystals x 5 draws; steps=40 relax_cell=False contact=0.9 cutoff=6.0; workers=6
  finished 10/131  (146s)
  finished 20/131  (279s)
  finished 30/131  (347s)
  finished 40/131  (412s)
  finished 50/131  (479s)
  finished 60/131  (560s)
  finished 70/131  (614s)
  finished 80/131  (673s)
  finished 90/131  (760s)
  finished 100/131  (796s)
  finished 110/131  (928s)
  finished 120/131  (1028s)
  finished 130/131  (1178s)
  finished 131/131  (1208s)

==== F3a: RAW vs FINISHED (coset ON), n=131, best-of-5 ====
    stol   RAW match   FIN match   FIN 95% CI
     0.5       0.0%       0.0%   0.00-2.85
  TAG f3 match stol 0.5 raw 0.00 fin 0.00 ci 0.00-2.85
     0.8       0.0%       3.1%   1.19-7.59
  TAG f3 match stol 0.8 raw 0.00 fin 3.05 ci 1.19-7.59
     1.0       0.0%       3.8%   1.64-8.62
  TAG f3 match stol 1.0 raw 0.00 fin 3.82 ci 1.64-8.62
     1.2       0.8%       3.8%   1.64-8.62
  TAG f3 match stol 1.2 raw 0.76 fin 3.82 ci 1.64-8.62

  cell-vol RMAD   RAW 22.12%   FIN 22.12%
  angle-spike     RAW 74.0%   FIN 74.0%   (ref 74.0%)
  median min-RMSD RAW 1.027 (n=116)   FIN 0.874 (n=118)   -> +14.9%
  TAG f3 rmad raw 22.12 fin 22.12
  TAG f3 anglespike raw 74.0 fin 74.0 ref 74.0
  TAG f3 minrmsd raw 1.027 fin 0.874 drop +14.9%

GATE: FIN match@stol<=1.0 off 0 (CI-separated) OR median min-RMSD drop >=30% -> F3b; else F4.
