corpus 1127 -> 1095 multi-copy; cosets 238; split 964 train / 131 val; device cuda
majority-class baseline (coset 46): 10.3% val accuracy

  step   100  loss 1.5705
  step   200  loss 2.1181
  step   300  loss 1.3015
  step   400  loss 1.7445
  step   500  loss 1.2294
  step   600  loss 1.1645
  step   700  loss 1.1975
  step   800  loss 0.9674
  step   900  loss 1.1370
  step  1000  loss 0.8129
  step  1100  loss 0.7843
  step  1200  loss 0.9913
  step  1300  loss 0.7992
  step  1400  loss 0.7091
  step  1500  loss 0.5872
  step  1600  loss 0.5773
  step  1700  loss 0.3972
  step  1800  loss 0.5545
  step  1900  loss 0.4174
  step  2000  loss 0.3428
  step  2100  loss 0.3186
  step  2200  loss 0.2705
  step  2300  loss 0.0730
  step  2400  loss 0.1950
  step  2500  loss 0.2095
  step  2600  loss 0.1238
  step  2700  loss 0.0614
  step  2800  loss 0.1929
  step  2900  loss 0.0897
  step  3000  loss 0.0302

==== coset predictor (packing-only, clean packing) ====
  held-out top-1 accuracy: 39.5%   (majority baseline 10.3%)
  => 39.5% of the generating operation is recoverable from packing without a template
checkpoint -> checkpoints/coset_predictor.pt
