corpus: 1127 -> 1095 multi-copy after relative re-gauge
cosets: 238 distinct space-group cosets [DEPLOYABLE symmetry-op]; coset conditioning: ON
  split: 964 train / 131 val
  lattice prior vol/atom: 9.9 A^3

  device=cuda  steps=800  n_cosets(model)=238

step     0  loss 6.5005  (L 1.332  x 0.303  R 4.866)
step    50  loss 5.9693  (L 0.085  x 0.247  R 5.637)
step   100  loss 5.3424  (L 0.140  x 0.278  R 4.924)
step   150  loss 5.9614  (L 0.116  x 0.250  R 5.596)
step   200  loss 5.6871  (L 0.104  x 0.296  R 5.287)
step   250  loss 4.6861  (L 0.093  x 0.253  R 4.340)  | val 4.6060
step   300  loss 4.1864  (L 0.099  x 0.253  R 3.834)
step   350  loss 4.1000  (L 0.062  x 0.271  R 3.767)
step   400  loss 4.0528  (L 0.100  x 0.276  R 3.677)
step   450  loss 3.1523  (L 0.115  x 0.251  R 2.786)
step   500  loss 2.9613  (L 0.105  x 0.259  R 2.597)  | val 3.3669
step   550  loss 3.4745  (L 0.060  x 0.237  R 3.177)
step   600  loss 3.6367  (L 0.069  x 0.256  R 3.311)
step   650  loss 4.1779  (L 0.102  x 0.267  R 3.809)
step   700  loss 2.7370  (L 0.061  x 0.243  R 2.433)
step   750  loss 2.6093  (L 0.074  x 0.257  R 2.279)  | val 2.9435

==== held-out validation, per head (untrained -> trained) ====
  lattice  : 1.2466 -> 0.0695  (+94.4%)
  centroid : 0.3010 -> 0.2507  (+16.7%)
  orient   : 5.5311 -> 2.5600  (+53.7%)
  total    : 7.0787 -> 2.8802  (+59.3%)
  orient split:
    ref    : 5.5639 -> 0.8009  (+85.6%)
    nonref : 5.4174 -> 3.4000  (+37.2%)  <-- NON-REFERENCE (coset-conditioned target)

NON-REF drop (+37.2%): vs +27% without coset conditioning -> coset id helps but residual remains
checkpoint -> checkpoints/coset_deploy_s1.pt
