corpus: 1127 -> 1095 multi-copy after relative re-gauge
cosets: 238 distinct space-group cosets [DEPLOYABLE symmetry-op]; coset conditioning: OFF (control)
  split: 964 train / 131 val
  lattice prior vol/atom: 9.9 A^3

  device=cuda  steps=800  n_cosets(model)=0

step     0  loss 6.3942  (L 1.279  x 0.323  R 4.792)
step    50  loss 5.8597  (L 0.111  x 0.261  R 5.488)
step   100  loss 5.6296  (L 0.073  x 0.264  R 5.292)
step   150  loss 5.6151  (L 0.083  x 0.268  R 5.264)
step   200  loss 5.2729  (L 0.070  x 0.233  R 4.970)
step   250  loss 5.3052  (L 0.162  x 0.238  R 4.905)  | val 5.2245
step   300  loss 4.8712  (L 0.115  x 0.253  R 4.503)
step   350  loss 5.4696  (L 0.090  x 0.259  R 5.120)
step   400  loss 4.0331  (L 0.106  x 0.223  R 3.704)
step   450  loss 4.1358  (L 0.075  x 0.230  R 3.830)
step   500  loss 3.5053  (L 0.087  x 0.261  R 3.157)  | val 4.0543
step   550  loss 4.1604  (L 0.100  x 0.228  R 3.832)
step   600  loss 2.9094  (L 0.061  x 0.224  R 2.624)
step   650  loss 3.6094  (L 0.068  x 0.250  R 3.291)
step   700  loss 3.6740  (L 0.089  x 0.234  R 3.351)
step   750  loss 4.5384  (L 0.068  x 0.266  R 4.204)  | val 4.1860

==== held-out validation, per head (untrained -> trained) ====
  lattice  : 1.2385 -> 0.0785  (+93.7%)
  centroid : 0.3701 -> 0.2546  (+31.2%)
  orient   : 5.3658 -> 3.2659  (+39.1%)
  total    : 6.9743 -> 3.5990  (+48.4%)
  orient split:
    ref    : 5.3140 -> 1.9398  (+63.5%)
    nonref : 5.3985 -> 3.8092  (+29.4%)  <-- NON-REFERENCE (coset-conditioned target)

NON-REF drop (+29.4%): vs +27% without coset conditioning -> coset id does not materially help (residual is representational)
checkpoint -> checkpoints/coset_deploy_off_s0.pt
