corpus: 1127 -> 1095 multi-copy after relative re-gauge
cosets: 238 distinct space-group cosets [DEPLOYABLE symmetry-op]; coset conditioning: ON
  split: 964 train / 131 val
  lattice prior vol/atom: 9.9 A^3

  device=cuda  steps=800  n_cosets(model)=238

step     0  loss 7.2575  (L 1.551  x 0.303  R 5.403)
step    50  loss 4.9930  (L 0.109  x 0.271  R 4.613)
step   100  loss 5.9212  (L 0.075  x 0.253  R 5.593)
step   150  loss 5.5880  (L 0.084  x 0.251  R 5.252)
step   200  loss 4.8744  (L 0.091  x 0.243  R 4.541)
step   250  loss 4.4840  (L 0.106  x 0.231  R 4.148)  | val 4.5194
step   300  loss 4.3854  (L 0.078  x 0.286  R 4.021)
step   350  loss 3.1626  (L 0.090  x 0.265  R 2.808)
step   400  loss 3.4465  (L 0.070  x 0.248  R 3.128)
step   450  loss 2.8140  (L 0.095  x 0.271  R 2.448)
step   500  loss 3.2841  (L 0.082  x 0.285  R 2.917)  | val 3.1754
step   550  loss 3.6847  (L 0.071  x 0.274  R 3.340)
step   600  loss 3.3546  (L 0.064  x 0.252  R 3.038)
step   650  loss 2.6162  (L 0.069  x 0.258  R 2.289)
step   700  loss 2.1635  (L 0.047  x 0.250  R 1.867)
step   750  loss 2.5885  (L 0.075  x 0.248  R 2.265)  | val 2.7445

==== held-out validation, per head (untrained -> trained) ====
  lattice  : 1.3779 -> 0.0751  (+94.6%)
  centroid : 0.3450 -> 0.2505  (+27.4%)
  orient   : 5.2764 -> 2.3406  (+55.6%)
  total    : 6.9993 -> 2.6661  (+61.9%)
  orient split:
    ref    : 5.2946 -> 0.7637  (+85.6%)
    nonref : 5.3256 -> 3.0406  (+42.9%)  <-- NON-REFERENCE (coset-conditioned target)

NON-REF drop (+42.9%): vs +27% without coset conditioning -> coset id helps but residual remains
checkpoint -> checkpoints/coset_deploy_s2.pt
