START Mon Jul 20 07:40:23 UTC 2026  ds=data/csd_mol_scale_big/ds.pt steps=3000 mk=20 w=8
[scale coset ON  seed 0] Mon Jul 20 07:40:23 UTC 2026
cosets: 320 distinct space-group cosets [DEPLOYABLE symmetry-op]; coset conditioning: ON
NON-REF drop (+53.5%): vs +27% without coset conditioning -> coset id helps but residual remains
[scale coset ON  seed 1] Mon Jul 20 07:56:56 UTC 2026
cosets: 320 distinct space-group cosets [DEPLOYABLE symmetry-op]; coset conditioning: ON
NON-REF drop (+54.4%): vs +27% without coset conditioning -> coset id helps but residual remains
[scale coset ON  seed 2] Mon Jul 20 08:13:37 UTC 2026
cosets: 320 distinct space-group cosets [DEPLOYABLE symmetry-op]; coset conditioning: ON
NON-REF drop (+55.1%): vs +27% without coset conditioning -> coset id helps but residual remains
[scale coset OFF seed 0] Mon Jul 20 08:29:58 UTC 2026
NON-REF drop (+35.2%): vs +27% without coset conditioning -> coset id helps but residual remains
[scale coset OFF seed 1] Mon Jul 20 08:46:17 UTC 2026
NON-REF drop (+36.0%): vs +27% without coset conditioning -> coset id helps but residual remains
[scale coset OFF seed 2] Mon Jul 20 09:02:44 UTC 2026
NON-REF drop (+39.1%): vs +27% without coset conditioning -> coset id helps but residual remains
[templated conditioned] Mon Jul 20 09:19:03 UTC 2026
  match rate: 0.0%  (Wilson 95% CI 0.0-1.3%)
  median best-of-k component error: lattice-param 0.423  centroid(frac) 0.349  orient 4.3 deg
  TAG scale_cond coset 1 k 20 match 0.00
[templated coset-off (ablate)] Mon Jul 20 09:30:07 UTC 2026
[predictor scale train] Mon Jul 20 11:55:51 UTC 2026
majority-class baseline (coset 51): 10.4% val accuracy
  held-out top-1 accuracy: 43.1%   (majority baseline 10.4%)
  => 43.1% of the generating operation is recoverable from packing without a template
[predicted-coset orient-isolated: template / top-1 / top-3 / top-5] Mon Jul 20 12:19:13 UTC 2026
 template(gt):   trained        26.4%     56.8%      0.089       31.7 deg  <-- RESULT
 top-1:   trained         0.7%      3.0%      0.170       65.1 deg  <-- RESULT
 top-3:   trained         0.7%      4.1%      0.165       47.7 deg  <-- RESULT
 top-5:   trained         0.3%      6.1%      0.209       44.0 deg  <-- RESULT
ALL DONE Mon Jul 20 16:12:57 UTC 2026
GATE: (1) coset-ON vs OFF non-ref drop at scale (does +41% hold/grow?);
      (2) templated conditioned vs coset-off (does end-to-end lift with data?);
      (3) predictor top-1 acc + does top-k marginalization approach the template read?
