corpus: 2539 -> 2464 multi-copy after relative re-gauge
cosets: 320 distinct space-group cosets [DEPLOYABLE symmetry-op]; coset conditioning: ON
  split: 2168 train / 296 val
  lattice prior vol/atom: 9.9 A^3

  device=cuda  steps=3000  n_cosets(model)=320

step     0  loss 6.6908  (L 1.038  x 0.283  R 5.370)
step    50  loss 5.5287  (L 0.123  x 0.273  R 5.133)
step   100  loss 6.0280  (L 0.139  x 0.279  R 5.611)
step   150  loss 5.8638  (L 0.051  x 0.256  R 5.556)
step   200  loss 4.8671  (L 0.105  x 0.280  R 4.481)
step   250  loss 4.4145  (L 0.099  x 0.240  R 4.075)  | val 4.4744
step   300  loss 3.6757  (L 0.076  x 0.246  R 3.353)
step   350  loss 2.8516  (L 0.055  x 0.256  R 2.541)
step   400  loss 4.1234  (L 0.076  x 0.261  R 3.786)
step   450  loss 2.7722  (L 0.065  x 0.229  R 2.478)
step   500  loss 2.2368  (L 0.068  x 0.287  R 1.882)  | val 3.0629
step   550  loss 3.3178  (L 0.088  x 0.249  R 2.980)
step   600  loss 2.2709  (L 0.069  x 0.266  R 1.937)
step   650  loss 3.8182  (L 0.105  x 0.251  R 3.462)
step   700  loss 2.8369  (L 0.076  x 0.257  R 2.504)
step   750  loss 2.4732  (L 0.062  x 0.248  R 2.164)  | val 2.8267
step   800  loss 2.2269  (L 0.054  x 0.260  R 1.913)
step   850  loss 1.9242  (L 0.070  x 0.240  R 1.614)
step   900  loss 2.6970  (L 0.049  x 0.250  R 2.398)
step   950  loss 2.4773  (L 0.101  x 0.275  R 2.101)
step  1000  loss 3.7628  (L 0.083  x 0.284  R 3.395)  | val 2.5382
step  1050  loss 2.4603  (L 0.060  x 0.240  R 2.160)
step  1100  loss 2.7739  (L 0.037  x 0.257  R 2.481)
step  1150  loss 2.8775  (L 0.065  x 0.234  R 2.579)
step  1200  loss 2.1754  (L 0.062  x 0.239  R 1.875)
step  1250  loss 2.7597  (L 0.072  x 0.234  R 2.454)  | val 2.2978
step  1300  loss 2.9033  (L 0.051  x 0.245  R 2.607)
step  1350  loss 2.2610  (L 0.056  x 0.218  R 1.986)
step  1400  loss 2.9805  (L 0.077  x 0.243  R 2.660)
step  1450  loss 2.0516  (L 0.044  x 0.263  R 1.745)
step  1500  loss 2.6657  (L 0.051  x 0.241  R 2.374)  | val 2.3652
step  1550  loss 1.9480  (L 0.049  x 0.271  R 1.628)
step  1600  loss 2.6052  (L 0.082  x 0.251  R 2.272)
step  1650  loss 1.7083  (L 0.054  x 0.234  R 1.420)
step  1700  loss 2.3027  (L 0.054  x 0.247  R 2.001)
step  1750  loss 1.4306  (L 0.051  x 0.235  R 1.144)  | val 2.2837
step  1800  loss 2.1135  (L 0.063  x 0.287  R 1.764)
step  1850  loss 2.0790  (L 0.035  x 0.230  R 1.813)
step  1900  loss 1.8706  (L 0.047  x 0.242  R 1.582)
step  1950  loss 1.7047  (L 0.064  x 0.249  R 1.392)
step  2000  loss 2.1310  (L 0.084  x 0.243  R 1.805)  | val 2.1578
step  2050  loss 2.2917  (L 0.071  x 0.228  R 1.992)
step  2100  loss 2.3373  (L 0.052  x 0.254  R 2.031)
step  2150  loss 2.4516  (L 0.064  x 0.247  R 2.140)
step  2200  loss 1.7130  (L 0.053  x 0.256  R 1.404)
step  2250  loss 2.3770  (L 0.059  x 0.252  R 2.066)  | val 2.1912
step  2300  loss 1.7361  (L 0.059  x 0.255  R 1.422)
step  2350  loss 2.1565  (L 0.050  x 0.234  R 1.873)
step  2400  loss 2.4858  (L 0.051  x 0.241  R 2.193)
step  2450  loss 2.9815  (L 0.058  x 0.257  R 2.667)
step  2500  loss 2.3829  (L 0.055  x 0.267  R 2.061)  | val 2.1978
step  2550  loss 1.6526  (L 0.056  x 0.262  R 1.335)
step  2600  loss 2.0107  (L 0.055  x 0.260  R 1.695)
step  2650  loss 2.3423  (L 0.053  x 0.241  R 2.048)
step  2700  loss 3.1527  (L 0.051  x 0.223  R 2.879)
step  2750  loss 2.8289  (L 0.044  x 0.230  R 2.555)  | val 2.2197
step  2800  loss 2.3821  (L 0.067  x 0.229  R 2.086)
step  2850  loss 1.4445  (L 0.050  x 0.253  R 1.142)
step  2900  loss 1.2472  (L 0.053  x 0.265  R 0.929)
step  2950  loss 0.8735  (L 0.043  x 0.241  R 0.590)

==== held-out validation, per head (untrained -> trained) ====
  lattice  : 1.1710 -> 0.0659  (+94.4%)
  centroid : 0.3110 -> 0.2491  (+19.9%)
  orient   : 5.3111 -> 1.8152  (+65.8%)
  total    : 6.7931 -> 2.1302  (+68.6%)
  orient split:
    ref    : 5.3330 -> 0.4872  (+90.9%)
    nonref : 5.3030 -> 2.3805  (+55.1%)  <-- NON-REFERENCE (coset-conditioned target)

NON-REF drop (+55.1%): vs +27% without coset conditioning -> coset id helps but residual remains
checkpoint -> checkpoints/scale_coset_s2.pt
