corpus: 2539 -> 2464 multi-copy after relative re-gauge
cosets: 320 distinct space-group cosets [DEPLOYABLE symmetry-op]; coset conditioning: ON
  split: 2168 train / 296 val
  lattice prior vol/atom: 9.9 A^3

  device=cuda  steps=3000  n_cosets(model)=320

step     0  loss 6.7963  (L 1.293  x 0.338  R 5.165)
step    50  loss 5.6470  (L 0.123  x 0.275  R 5.250)
step   100  loss 5.0686  (L 0.085  x 0.261  R 4.723)
step   150  loss 6.0219  (L 0.085  x 0.266  R 5.671)
step   200  loss 5.0647  (L 0.100  x 0.272  R 4.692)
step   250  loss 4.2047  (L 0.103  x 0.245  R 3.856)  | val 4.6047
step   300  loss 4.6201  (L 0.111  x 0.250  R 4.259)
step   350  loss 3.7826  (L 0.116  x 0.223  R 3.444)
step   400  loss 3.3298  (L 0.086  x 0.265  R 2.979)
step   450  loss 3.9242  (L 0.079  x 0.239  R 3.606)
step   500  loss 3.0448  (L 0.090  x 0.264  R 2.691)  | val 3.4337
step   550  loss 3.5622  (L 0.073  x 0.242  R 3.247)
step   600  loss 2.7220  (L 0.082  x 0.269  R 2.370)
step   650  loss 2.8060  (L 0.106  x 0.261  R 2.439)
step   700  loss 2.3234  (L 0.059  x 0.263  R 2.002)
step   750  loss 3.4720  (L 0.101  x 0.228  R 3.142)  | val 2.8804
step   800  loss 2.0360  (L 0.059  x 0.249  R 1.728)
step   850  loss 3.2062  (L 0.078  x 0.253  R 2.875)
step   900  loss 2.8645  (L 0.061  x 0.253  R 2.551)
step   950  loss 2.9883  (L 0.084  x 0.273  R 2.632)
step  1000  loss 3.7338  (L 0.100  x 0.260  R 3.373)  | val 2.7367
step  1050  loss 1.9983  (L 0.075  x 0.254  R 1.668)
step  1100  loss 2.7497  (L 0.078  x 0.247  R 2.425)
step  1150  loss 2.5777  (L 0.056  x 0.246  R 2.275)
step  1200  loss 1.9855  (L 0.062  x 0.253  R 1.670)
step  1250  loss 2.7245  (L 0.064  x 0.255  R 2.405)  | val 2.5712
step  1300  loss 2.8427  (L 0.054  x 0.220  R 2.569)
step  1350  loss 2.9236  (L 0.047  x 0.260  R 2.616)
step  1400  loss 1.4167  (L 0.057  x 0.240  R 1.119)
step  1450  loss 1.8164  (L 0.061  x 0.241  R 1.515)
step  1500  loss 2.4554  (L 0.052  x 0.278  R 2.125)  | val 2.4166
step  1550  loss 4.1238  (L 0.077  x 0.249  R 3.798)
step  1600  loss 2.1704  (L 0.047  x 0.227  R 1.896)
step  1650  loss 1.6750  (L 0.055  x 0.265  R 1.355)
step  1700  loss 1.7360  (L 0.053  x 0.235  R 1.447)
step  1750  loss 2.8108  (L 0.054  x 0.241  R 2.516)  | val 2.4236
step  1800  loss 2.2621  (L 0.066  x 0.280  R 1.917)
step  1850  loss 2.5370  (L 0.060  x 0.264  R 2.213)
step  1900  loss 1.8979  (L 0.091  x 0.241  R 1.566)
step  1950  loss 1.7158  (L 0.060  x 0.231  R 1.424)
step  2000  loss 3.0926  (L 0.064  x 0.250  R 2.778)  | val 2.4702
step  2050  loss 2.8455  (L 0.094  x 0.260  R 2.492)
step  2100  loss 1.8662  (L 0.071  x 0.240  R 1.555)
step  2150  loss 2.1657  (L 0.080  x 0.257  R 1.828)
step  2200  loss 1.4111  (L 0.049  x 0.238  R 1.125)
step  2250  loss 2.6304  (L 0.066  x 0.239  R 2.326)  | val 2.3193
step  2300  loss 2.2847  (L 0.050  x 0.246  R 1.989)
step  2350  loss 1.4001  (L 0.040  x 0.250  R 1.110)
step  2400  loss 2.5471  (L 0.090  x 0.262  R 2.195)
step  2450  loss 1.9162  (L 0.049  x 0.255  R 1.612)
step  2500  loss 1.4602  (L 0.060  x 0.258  R 1.142)  | val 2.1580
step  2550  loss 2.1211  (L 0.078  x 0.258  R 1.785)
step  2600  loss 2.2102  (L 0.053  x 0.257  R 1.900)
step  2650  loss 1.5723  (L 0.056  x 0.256  R 1.259)
step  2700  loss 1.6474  (L 0.056  x 0.246  R 1.345)
step  2750  loss 2.8329  (L 0.053  x 0.281  R 2.499)  | val 2.2746
step  2800  loss 1.6553  (L 0.067  x 0.250  R 1.339)
step  2850  loss 2.0863  (L 0.050  x 0.252  R 1.784)
step  2900  loss 2.3013  (L 0.042  x 0.272  R 1.987)
step  2950  loss 1.8365  (L 0.077  x 0.246  R 1.514)

==== held-out validation, per head (untrained -> trained) ====
  lattice  : 1.3026 -> 0.0680  (+94.8%)
  centroid : 0.3752 -> 0.2488  (+33.7%)
  orient   : 5.3436 -> 1.8684  (+65.0%)
  total    : 7.0214 -> 2.1852  (+68.9%)
  orient split:
    ref    : 5.3080 -> 0.4177  (+92.1%)
    nonref : 5.3357 -> 2.4341  (+54.4%)  <-- NON-REFERENCE (coset-conditioned target)

NON-REF drop (+54.4%): vs +27% without coset conditioning -> coset id helps but residual remains
checkpoint -> checkpoints/scale_coset_s1.pt
