corpus 2539 -> 2464 multi-copy; cosets 320; split 2168 train / 296 val; device cuda
majority-class baseline (coset 51): 10.4% val accuracy

  step   100  loss 2.6286
  step   200  loss 1.1625
  step   300  loss 2.6016
  step   400  loss 1.1241
  step   500  loss 1.1389
  step   600  loss 0.8593
  step   700  loss 1.3039
  step   800  loss 1.1537
  step   900  loss 1.0919
  step  1000  loss 0.9848
  step  1100  loss 1.2024
  step  1200  loss 1.0620
  step  1300  loss 1.1753
  step  1400  loss 1.2278
  step  1500  loss 0.9813
  step  1600  loss 1.3064
  step  1700  loss 0.8949
  step  1800  loss 0.8310
  step  1900  loss 0.8596
  step  2000  loss 0.6951
  step  2100  loss 0.9706
  step  2200  loss 0.7742
  step  2300  loss 1.0007
  step  2400  loss 0.8428
  step  2500  loss 1.0300
  step  2600  loss 0.9787
  step  2700  loss 0.6250
  step  2800  loss 0.6031
  step  2900  loss 0.6482
  step  3000  loss 0.6733
  step  3100  loss 0.6510
  step  3200  loss 0.5031
  step  3300  loss 0.6991
  step  3400  loss 0.6263
  step  3500  loss 0.7035
  step  3600  loss 0.6917
  step  3700  loss 0.3871
  step  3800  loss 0.4007
  step  3900  loss 0.4179
  step  4000  loss 0.2510
  step  4100  loss 0.4458
  step  4200  loss 0.3899
  step  4300  loss 0.6430
  step  4400  loss 0.3952
  step  4500  loss 0.4821
  step  4600  loss 0.2254
  step  4700  loss 0.1830
  step  4800  loss 0.2285
  step  4900  loss 0.3663
  step  5000  loss 0.2870

==== coset predictor (packing-only, clean packing) ====
  held-out top-1 accuracy: 43.1%   (majority baseline 10.4%)
  => 43.1% of the generating operation is recoverable from packing without a template
checkpoint -> checkpoints/scale_predictor.pt
