[E4] re-scoring saved draws from gpu_results/phaseE4\e4_draws.pkl (n=131, k=10)

==== E4: MolCrystalFlow-aligned match@10 (ltol=0.3, angle_tol=10.0; n=131) ====
  protocol: pymatgen StructureMatcher, best-of-k, stol sweep -- mirrors MolCrystalFlow arXiv:2602.16020v3
  CAVEAT: same matcher + same match@10 as MCF, but OUR corpus is a smaller CSD-derived
          molecular set (not Thurlemann/OMC25) -> comparable-task, not strict head-to-head.
  reference points (MCF paper): MolCrystalFlow ~6.8%@0.8 / ~8%@1.0; MOFFlow ~3.4%@0.8;
          both symmetry-FREE. Genarris-3 (symmetry-conditioned) competitive with MCF.

  condition                                   stol=0.5   stol=0.8   stol=1     stol=1.2 
  --------------------------------------------------------------------------------------
  de-novo (coset OFF)  [vs MCF/MOFFlow]          0.0%     0.0%     0.0%     0.0%
      (median best-of-k orient err 103.2 deg)
  conditioned (coset ON) [symmetry template]     0.0%     0.0%     0.8%     0.8%
      (median best-of-k orient err 14.1 deg)

  -- cell-volume RMAD (over all k samples; MCF 3.86%, MOFFlow 18.8%, Genarris-3 raw 59%) --
  de-novo (coset OFF)  [vs MCF/MOFFlow]       RMAD  32.90 +/- 21.08%
  conditioned (coset ON) [symmetry template]  RMAD  30.68 +/- 25.42%

  TAG e4 rmad coset_off 32.90 std 21.08
  TAG e4 rmad coset_on 30.68 std 25.42
  TAG e4 coset_off stol 0.5 match 0.00 ci 0.00-2.85
  TAG e4 coset_off stol 0.8 match 0.00 ci 0.00-2.85
  TAG e4 coset_off stol 1 match 0.00 ci 0.00-2.85
  TAG e4 coset_off stol 1.2 match 0.00 ci 0.00-2.85
  TAG e4 coset_on stol 0.5 match 0.00 ci 0.00-2.85
  TAG e4 coset_on stol 0.8 match 0.00 ci 0.00-2.85
  TAG e4 coset_on stol 1 match 0.76 ci 0.13-4.20
  TAG e4 coset_on stol 1.2 match 0.76 ci 0.13-4.20
