[F3 finish] 131 crystals x 10 draws; steps=40 relax_cell=False contact=0.9 cutoff=6.0; workers=6
  F3d-0 orientation multi-start: 3 restarts x sigma 18.0 deg -> best-of-30 match pool
  finished 10/131  (593s)
  finished 20/131  (1134s)
  finished 30/131  (1416s)
  finished 40/131  (1624s)
  finished 50/131  (1876s)
  finished 60/131  (2210s)
  finished 70/131  (2440s)
  finished 80/131  (2696s)
  finished 90/131  (3035s)
  finished 100/131  (3189s)
  finished 110/131  (3680s)
  finished 120/131  (3916s)
  finished 130/131  (4388s)
  finished 131/131  (4497s)

==== F3a: RAW vs FINISHED (coset ON), n=131, best-of-10 ====
    stol   RAW match   FIN match   FIN 95% CI
     0.5       0.0%       0.8%   0.13-4.20
  TAG f3 match stol 0.5 raw 0.00 fin 0.76 ci 0.13-4.20
     0.8       0.0%       6.9%   3.66-12.54
  TAG f3 match stol 0.8 raw 0.00 fin 6.87 ci 3.66-12.54
     1.0       0.0%       8.4%   4.75-14.41
  TAG f3 match stol 1.0 raw 0.00 fin 8.40 ci 4.75-14.41
     1.2       0.8%       9.9%   5.89-16.24
  TAG f3 match stol 1.2 raw 0.76 fin 9.92 ci 5.89-16.24

  cell-vol RMAD   RAW 20.89%   FIN 20.89%
  angle-spike     RAW 74.2%   FIN 74.2%   (ref 74.0%)
  median min-RMSD RAW 1.018 (n=118)   FIN 0.770 (n=120)   -> +24.4%
  TAG f3 rmad raw 20.89 fin 20.89
  TAG f3 anglespike raw 74.2 fin 74.2 ref 74.0
  TAG f3 minrmsd raw 1.018 fin 0.770 drop +24.4%

GATE: FIN match@stol<=1.0 off 0 (CI-separated) OR median min-RMSD drop >=30% -> F3b; else F4.
