[F3 finish] 131 crystals x 5 draws; steps=40 relax_cell=False contact=0.9 cutoff=6.0; workers=6
  finished 10/131  (348s)
  finished 20/131  (710s)
  finished 30/131  (865s)
  finished 40/131  (988s)
  finished 50/131  (1136s)
  finished 60/131  (1348s)
  finished 70/131  (1478s)
  finished 80/131  (1617s)
  finished 90/131  (1804s)
  finished 100/131  (1890s)
  finished 110/131  (2154s)
  finished 120/131  (2290s)
  finished 130/131  (2524s)
  finished 131/131  (2632s)

==== F3a: RAW vs FINISHED (coset ON), n=131, best-of-5 ====
    stol   RAW match   FIN match   FIN 95% CI
     0.5       0.0%       0.0%   0.00-2.85
  TAG f3 match stol 0.5 raw 0.00 fin 0.00 ci 0.00-2.85
     0.8       0.0%       1.5%   0.42-5.40
  TAG f3 match stol 0.8 raw 0.00 fin 1.53 ci 0.42-5.40
     1.0       0.0%       1.5%   0.42-5.40
  TAG f3 match stol 1.0 raw 0.00 fin 1.53 ci 0.42-5.40
     1.2       0.0%       3.1%   1.19-7.59
  TAG f3 match stol 1.2 raw 0.00 fin 3.05 ci 1.19-7.59

  cell-vol RMAD   RAW 24.68%   FIN 24.68%
  angle-spike     RAW 73.7%   FIN 73.7%   (ref 74.0%)
  median min-RMSD RAW 1.045 (n=121)   FIN 0.892 (n=123)   -> +14.6%
  TAG f3 rmad raw 24.68 fin 24.68
  TAG f3 anglespike raw 73.7 fin 73.7 ref 74.0
  TAG f3 minrmsd raw 1.045 fin 0.892 drop +14.6%

GATE: FIN match@stol<=1.0 off 0 (CI-separated) OR median min-RMSD drop >=30% -> F3b; else F4.
