[F3 finish] 131 crystals x 5 draws; steps=40 relax_cell=False contact=0.9 cutoff=6.0; workers=6
  finished 10/131  (117s)
  finished 20/131  (220s)
  finished 30/131  (302s)
  finished 40/131  (421s)
  finished 50/131  (521s)
  finished 60/131  (649s)
  finished 70/131  (715s)
  finished 80/131  (827s)
  finished 90/131  (945s)
  finished 100/131  (1071s)
  finished 110/131  (1205s)
  finished 120/131  (1256s)
  finished 130/131  (1360s)
  finished 131/131  (1361s)

==== F3a: RAW vs FINISHED (coset ON), n=131, best-of-5 ====
    stol   RAW match   FIN match   FIN 95% CI
     0.5       0.0%       0.0%   0.00-2.85
  TAG f3 match stol 0.5 raw 0.00 fin 0.00 ci 0.00-2.85
     0.8       0.0%       1.5%   0.42-5.40
  TAG f3 match stol 0.8 raw 0.00 fin 1.53 ci 0.42-5.40
     1.0       0.0%       3.1%   1.19-7.59
  TAG f3 match stol 1.0 raw 0.00 fin 3.05 ci 1.19-7.59
     1.2       0.8%       3.8%   1.64-8.62
  TAG f3 match stol 1.2 raw 0.76 fin 3.82 ci 1.64-8.62

  cell-vol RMAD   RAW 17.19%   FIN 17.19%
  angle-spike     RAW 77.6%   FIN 77.6%   (ref 77.4%)
  median min-RMSD RAW 1.034 (n=117)   FIN 0.887 (n=121)   -> +14.2%
  TAG f3 rmad raw 17.19 fin 17.19
  TAG f3 anglespike raw 77.6 fin 77.6 ref 77.4
  TAG f3 minrmsd raw 1.034 fin 0.887 drop +14.2%

GATE: FIN match@stol<=1.0 off 0 (CI-separated) OR median min-RMSD drop >=30% -> F3b; else F4.
