corpus: 1127 -> 1095 multi-copy after relative re-gauge
cosets: 707 distinct space-group cosets (tol 20.0 deg); coset conditioning: ON
  split: 964 train / 131 val
  lattice prior vol/atom: 9.9 A^3

  device=cuda  steps=800  n_cosets(model)=707

step     0  loss 7.4987  (L 1.658  x 0.430  R 5.411)
step    50  loss 5.7136  (L 0.101  x 0.240  R 5.373)
step   100  loss 5.7792  (L 0.075  x 0.262  R 5.441)
step   150  loss 5.4733  (L 0.082  x 0.260  R 5.131)
step   200  loss 4.3807  (L 0.107  x 0.257  R 4.017)
step   250  loss 4.3077  (L 0.119  x 0.253  R 3.936)  | val 4.4056
step   300  loss 3.5010  (L 0.102  x 0.243  R 3.157)
step   350  loss 3.5094  (L 0.066  x 0.259  R 3.185)
step   400  loss 2.8544  (L 0.082  x 0.229  R 2.543)
step   450  loss 2.9863  (L 0.097  x 0.249  R 2.640)
step   500  loss 3.1407  (L 0.094  x 0.241  R 2.806)  | val 2.9774
step   550  loss 2.2693  (L 0.076  x 0.232  R 1.962)
step   600  loss 1.4243  (L 0.088  x 0.232  R 1.105)
step   650  loss 3.4837  (L 0.093  x 0.239  R 3.152)
step   700  loss 2.6822  (L 0.091  x 0.281  R 2.311)
step   750  loss 3.6688  (L 0.071  x 0.259  R 3.340)  | val 2.6329

==== held-out validation, per head (untrained -> trained) ====
  lattice  : 1.4305 -> 0.0755  (+94.7%)
  centroid : 0.3831 -> 0.2524  (+34.1%)
  orient   : 5.3702 -> 2.2063  (+58.9%)
  total    : 7.1838 -> 2.5341  (+64.7%)
  orient split:
    ref    : 5.3297 -> 0.7510  (+85.9%)
    nonref : 5.3166 -> 2.9173  (+45.1%)  <-- NON-REFERENCE (coset-conditioned target)

NON-REF drop (+45.1%): vs +27% without coset conditioning -> coset id helps but residual remains
checkpoint -> checkpoints/coset_s1.pt
