corpus: 1127 -> 1095 multi-copy after relative re-gauge
cosets: 707 distinct space-group cosets (tol 20.0 deg); coset conditioning: ON
  split: 964 train / 131 val
  lattice prior vol/atom: 9.9 A^3

  device=cuda  steps=800  n_cosets(model)=707

step     0  loss 6.5913  (L 1.167  x 0.336  R 5.089)
step    50  loss 5.7536  (L 0.102  x 0.255  R 5.396)
step   100  loss 6.0459  (L 0.108  x 0.234  R 5.704)
step   150  loss 4.7797  (L 0.100  x 0.248  R 4.432)
step   200  loss 4.4084  (L 0.115  x 0.257  R 4.036)
step   250  loss 4.9014  (L 0.088  x 0.271  R 4.543)  | val 4.1186
step   300  loss 3.8708  (L 0.086  x 0.243  R 3.542)
step   350  loss 3.1822  (L 0.055  x 0.243  R 2.885)
step   400  loss 3.0681  (L 0.087  x 0.253  R 2.729)
step   450  loss 2.8020  (L 0.082  x 0.260  R 2.460)
step   500  loss 3.4124  (L 0.076  x 0.259  R 3.078)  | val 2.6033
step   550  loss 2.2756  (L 0.087  x 0.249  R 1.939)
step   600  loss 2.1365  (L 0.068  x 0.227  R 1.841)
step   650  loss 3.6021  (L 0.077  x 0.263  R 3.262)
step   700  loss 2.0244  (L 0.056  x 0.258  R 1.710)
step   750  loss 1.6618  (L 0.070  x 0.243  R 1.349)  | val 2.4213

==== held-out validation, per head (untrained -> trained) ====
  lattice  : 1.1517 -> 0.0795  (+93.1%)
  centroid : 0.3169 -> 0.2550  (+19.5%)
  orient   : 5.2682 -> 2.0450  (+61.2%)
  total    : 6.7368 -> 2.3794  (+64.7%)
  orient split:
    ref    : 5.2981 -> 0.7255  (+86.3%)
    nonref : 5.3116 -> 2.5817  (+51.4%)  <-- NON-REFERENCE (coset-conditioned target)

NON-REF drop (+51.4%): vs +27% without coset conditioning -> coset id helps but residual remains
checkpoint -> checkpoints/coset_s2.pt
